1744530338,68,POLYMERS in One Shot - All Concepts, Tricks & PYQs | Class 12 | NEET,https://www.youtube.com/watch?v=BC1nk4x5BlQ,126
1744530368,68,POLYMERS in One Shot - All Concepts, Tricks & PYQs | Class 12 | NEET,https://www.youtube.com/watch?v=BC1nk4x5BlQ,126
1744530966,68,POLYMERS in One Shot - All Concepts, Tricks & PYQs | Class 12 | NEET,https://www.youtube.com/watch?v=BC1nk4x5BlQ,126
1744531000,68,POLYMERS in One Shot - All Concepts, Tricks & PYQs | Class 12 | NEET,https://www.youtube.com/watch?v=BC1nk4x5BlQ,126
1744531661,68,POLYMERS in One Shot - All Concepts, Tricks & PYQs | Class 12 | NEET,https://www.youtube.com/watch?v=BC1nk4x5BlQ,126
1744532698,90,Lec 01: Units, Dimensions, and Scaling Arguments | 8.01 Classical Mechanics (Walter Lewin),https://youtu.be/X9c0MRooBzQ,133
1744532723,68,POLYMERS in One Shot - All Concepts, Tricks & PYQs | Class 12 | NEET,https://www.youtube.com/watch?v=BC1nk4x5BlQ,126
1744532792,68,POLYMERS in One Shot - All Concepts, Tricks & PYQs | Class 12 | NEET,https://www.youtube.com/watch?v=BC1nk4x5BlQ,126
1744638613,74,8.02x - Lect 6 - High-voltage Breakdown, Lightning, Sparks, St-Elmo's Fire,https://www.youtube.com/watch?v=ww0XJUqFHXU&list=PLyQSN7X0ro2314mKyUiOILaOC2hk6Pc3j&index=7&pp=iAQB,188
1744641886,51,8.02x - Lect 7 - Capacitance, Electric Field Energy,https://www.youtube.com/watch?v=qyP1xZCB62E&list=PLyQSN7X0ro2314mKyUiOILaOC2hk6Pc3j&index=8&pp=iAQB,165
1744644192,79,8.02x - Lect 8 - Polarization, Dielectrics, Van de Graaff Generator, Capacitors,https://www.youtube.com/watch?v=GAtAG938AQc&list=PLyQSN7X0ro2314mKyUiOILaOC2hk6Pc3j&index=9&pp=iAQB,193
1762873505,,,/home/jarvis/Downloads/How To Study Hard - Richard Feynman.mp4,75
1762873942,,,/home/jarvis/Downloads/Div, Grad, and Curl： Vector Calculus Building Blocks for PDEs [Divergence, Gradient, and Curl].mp4,136
1785925212,,,https://megap.mikora.top/f899139df5e1059396431415e770c6dd/4f7e190a989c8442febb793b5a0829e1/master.m3u8,115
1785925249,,,https://megap.akirax.buzz/f899139df5e1059396431415e770c6dd/d3b99d4502c1d6c334ca29951bc190e8/master.m3u8,116
1785925810,,,https://moon.ironwallnet.net/vd/LURzUTNQTTBENHJPMHRnQ0FRZHJQZzpMbm1DQ2JpcDViWkVaMXJ5dExQNVFGSXJQTGRqNEhZVTcwWEU5VF9JQVBB/index-s1080p-v1-a1.m3u8,157
1785925939,,,https://megap.mikora.top/f899139df5e1059396431415e770c6dd/4e1fab8c6be487ed02c4968848965952/master.m3u8,115
1785926017,,,https://img1.klcxm.com/hls_mps/308fe882dd0ae8260a0666887f9bb969daeba220/720/index_273.m3u8?auth_key=QGmZ0NYguStlwSoUdP7AlJimJC%2Fjjf65b%2Bl9mobRtpQ%3D&expire=1785936024928,184
1785926076,,,https://bcdnw.hakunaymatata.com/resource/5ebe0e65cfe955c35f0ca2344ea7a9a5.mp4?sign=86e330df271b47e990e6799c7b85a839&t=1785926071,141
1785926182,,,https://pixeldrain.dev/api/file/EjMcrgYG?download,62
1786799804,,,https://bcdnxw2.hakunaymatata.com/cms/cec7293455ed3c7e538c3e8f45c142b8.mp4?sign=59bb33ceb416fbf0f717c38d2bd786ee&t=1786799618,138
1786799885,,,https://4e07bbc42bcd9d4ac669407dd39ac28e.r2.cloudflarestorage.com/hub2/8db2e0c15faf383796c8a65c67883b72?X-Amz-Algorithm=AWS4-HMAC-SHA256&X-Amz-Credential=ee82582669423652edb7f42fd38b412c%2F20260815%2Fauto%2Fs3%2Faws4_request&X-Amz-Date=20260815T065037Z&X-Amz-Expires=28800&X-Amz-SignedHeaders=host&response-content-disposition=attachment%3B%20filename%3D%22Demon.Slayer.Kimetsu.no.Yaiba.Infinity.Castle.I.2025.1080p.AMZN.WEB-DL.Multi.DDP2.0.H.265-4kHdHub.Com.mkv%22&X-Amz-Signature=909080807462ca5c9dfb3b057f0120cdc3785a5a64d4a46fb32c1b8b1a9a9ec8,559
1786799921,,,https://9f7e2b9f5ee304d858c9a743a3aa5357.r2.cloudflarestorage.com/hub2/62745ee411b5d21621c9838e4d825619?X-Amz-Algorithm=AWS4-HMAC-SHA256&X-Amz-Credential=f3a2fc8098af833664a1af1908249931%2F20260815%2Fauto%2Fs3%2Faws4_request&X-Amz-Date=20260815T065037Z&X-Amz-Expires=28800&X-Amz-SignedHeaders=host&response-content-disposition=attachment%3B%20filename%3D%22Demon.Slayer.Kimetsu.no.Yaiba.Infinity.Castle.I.The.Movie.2025.720p.ATV.WEB-DL.MULTi.AAC2.0.H.264-4kHdHub.Com.mkv%22&X-Amz-Signature=7d09ce23aa0c84c3acfaf9719360abd1e1a2947e2c198c16af49fa007f3fe216,567
1786810346,,,https://bcdnxw2.hakunaymatata.com/cms/cec7293455ed3c7e538c3e8f45c142b8.mp4?sign=caf8cb6434614ace8816c4d42a8c3374&t=1786810216,138
1786810373,,,https://9f7e2b9f5ee304d858c9a743a3aa5357.r2.cloudflarestorage.com/hub2/62745ee411b5d21621c9838e4d825619?X-Amz-Algorithm=AWS4-HMAC-SHA256&X-Amz-Credential=f3a2fc8098af833664a1af1908249931%2F20260815%2Fauto%2Fs3%2Faws4_request&X-Amz-Date=20260815T131526Z&X-Amz-Expires=28800&X-Amz-SignedHeaders=host&response-content-disposition=attachment%3B%20filename%3D%22Demon.Slayer.Kimetsu.no.Yaiba.Infinity.Castle.I.The.Movie.2025.720p.ATV.WEB-DL.MULTi.AAC2.0.H.264-4kHdHub.Com.mkv%22&X-Amz-Signature=854e152685364131d29125ee5eaad2f60150129325cb26e5b7735f16292c0964,567
1786810386,,,https://9f7e2b9f5ee304d858c9a743a3aa5357.r2.cloudflarestorage.com/hub2/810e47779252f9ea2a9027f0860af10c?X-Amz-Algorithm=AWS4-HMAC-SHA256&X-Amz-Credential=f3a2fc8098af833664a1af1908249931%2F20260815%2Fauto%2Fs3%2Faws4_request&X-Amz-Date=20260815T131526Z&X-Amz-Expires=28800&X-Amz-SignedHeaders=host&response-content-disposition=attachment%3B%20filename%3D%22Demon.Slayer.Kimetsu.no.Yaiba.Infinity.Castle.I.The.Movie.2025.1080p.ATV.WEB-DL.MULTi.AAC2.0.H.264-4kHdHub.Com.mkv%22&X-Amz-Signature=75d290d3bd1b68738f3381f38a230660db2a6ffa76a8eeba26e72355e09edc48,568
1786811079,,,https://9f7e2b9f5ee304d858c9a743a3aa5357.r2.cloudflarestorage.com/hub2/62745ee411b5d21621c9838e4d825619?X-Amz-Algorithm=AWS4-HMAC-SHA256&X-Amz-Credential=f3a2fc8098af833664a1af1908249931%2F20260815%2Fauto%2Fs3%2Faws4_request&X-Amz-Date=20260815T131526Z&X-Amz-Expires=28800&X-Amz-SignedHeaders=host&response-content-disposition=attachment%3B%20filename%3D%22Demon.Slayer.Kimetsu.no.Yaiba.Infinity.Castle.I.The.Movie.2025.720p.ATV.WEB-DL.MULTi.AAC2.0.H.264-4kHdHub.Com.mkv%22&X-Amz-Signature=854e152685364131d29125ee5eaad2f60150129325cb26e5b7735f16292c0964,567
1786811532,,,https://4e07bbc42bcd9d4ac669407dd39ac28e.r2.cloudflarestorage.com/hub2/8db2e0c15faf383796c8a65c67883b72?X-Amz-Algorithm=AWS4-HMAC-SHA256&X-Amz-Credential=ee82582669423652edb7f42fd38b412c%2F20260815%2Fauto%2Fs3%2Faws4_request&X-Amz-Date=20260815T131531Z&X-Amz-Expires=28800&X-Amz-SignedHeaders=host&response-content-disposition=attachment%3B%20filename%3D%22Demon.Slayer.Kimetsu.no.Yaiba.Infinity.Castle.I.2025.1080p.AMZN.WEB-DL.Multi.DDP2.0.H.265-4kHdHub.Com.mkv%22&X-Amz-Signature=9cbab4f0ec838b77b5f35ced6d4f93b851e0f87ea3b4f36adf0ed7e1f7c913ab,559
1786813151,39,X-Men ’97 2024 S01E01 To Me, My X-Men,https://pixeldrain.dev/api/file/M9A6wx84?download,103
1786813195,,,https://pengu.uk/direct/external/wBadx2yAldBZstXfLpZ2L3F6rKNdJX_6Z4a_GygH1C9Tjt-n5PFNdxm8f3uroRSri_jQTHQJTks9gvauiFRStu63if9EcKz3fQ6gcU1Jn8nRqEJHFeJfRL5lEPvMmROX5Q7dlT9wZE5eP9S5J4TsxqomiKKCyWVaiB-Z00Y6fGP6eKrQieYuO9bHs8A-GYsuUr-XrvntrJqQsRJ7DyoRQQxaxKK5bMmauJyAZiXx7tAxV0bzWej39MsMi3_gOchKSvXTuut7TogeseM-gxvZ81f7eTRQrXk6wL1uhCYXbNrDrE_RVMQbRl0FauAfXcPAnSXXULUC1D1LEyx4cpn01fu7UVlbQ6T-d1x54d5Fe2tJnnh4dK40Xpwwo17cBt0HeEuTJ5v-3ZZBKvvb/tv.21563.S1E1.original.2767072.20240320101610.mkv?psig=1786841904.9eEf1uA8FafHRJbUt7Ij5yTivvLoEbxWxHObAWoaljA:w9XQVfwlx6r2crm74SjEkni383_U1gqct6ZF8qS6UqQ,600
1786813397,27,Encoded By: mkvCinemas.live,https://cdn.valentine.guru/Avengers.Infinity.War.2018.1080p.BluRay.Hindi.English.DD.5.1.x264.ESubs.mkv?token=0b9e7faa1e57a52e82b0f070afc73567,183
1786813619,,,https://bcdnxw2.hakunaymatata.com/resource/21b2324325d36027d0fcaf9fb1d2f2ba.mp4?sign=49ac1e1c9b44ff370ad98b3987441175&t=1786813474,143
1786813687,31,Visit & Support - Vegamovies.to,https://556138dca7367763ed46eecaa4284eca.r2.cloudflarestorage.com/hub2/Spy.X.Family.S01E01.1080p.10bit-%5BHIN-ENG-JAP%5D-Vegamovies.To.mkv?X-Amz-Algorithm=AWS4-HMAC-SHA256&X-Amz-Credential=26b6cf8a0399b5880643f585c8c3dbe5%2F20260815%2Fauto%2Fs3%2Faws4_request&X-Amz-Date=20260815T170801Z&X-Amz-Expires=10800&X-Amz-SignedHeaders=host&response-content-disposition=Spy.X.Family.S01E01.1080p.10bit-%5BHIN-ENG-JAP%5D-Vegamovies.To.mkv&X-Amz-Signature=c2b1302fc146ffb94c2c1bc7a8876bf64ede1837b7f6b2435bfcd29dad96f007,556
1786813815,,,https://pengu.uk/direct/external/GKR5NcJ_6NBI0riaMZ7LguvYtM29Vy8tplNEJmoKkUJEwx8mJ3Xm7PIgVW5g8oJRT0lxLz5_mDPCBvN8wvN-RAxRSvRJv7fRJ2i_EjaEDPKX7lqLDIiEGqIdTGzHbdvdEjDog1YclVMH6GR-GCHchkvoX03KniGSTb-braN-zu_o8J4OYZg9FjzlSJiza7TIKP7wz_s6MJVr1XB4Xrni5mDn5HUT5ucw-PGomtgHnn1R-MCI5kTqsUfDC1O9drInNnNkQKFe__VvHo4zuv9tVvUndvuafZcf0KJwvqc3-0xMc4Eu5UUs4cGPZ5G8F8QzDvbSSBCyvrywfZ4RYhzeNqKfB-Po9hNe7abdxheCQStK5G3uckKiBV9JRf-wn8wPe0zNzBZB-g/tv.21264.S1E1.original.2756458.20240108123001.mkv?psig=1786842579.2R08UMxysAHBzGgqgdLqQKpYgCP3Xl9gFhkEGqhWnAg:dQIEa8MgNVQWbO8810qqnoBkek2H5zeWn8JCop3wKAU,594
1786813844,15,MoviesDrives.CV,https://pengu.uk/direct/external/ogjV3Jg0ulikiFwBtqf9uTYQ3wQMBFqeYbfINsTeTeqN5-w_wQHmVOsrLwW9GFiB442Ruw4JHmHPFsMnlPsLCP0coFMs8STtAd0UpwJSFE0bE7HWnGQkzQ-i-2KazdU5JP6KWzu2vDgjNbjp3aYLdDODaefxoezVbWrsqnO_jFwggJt4c4oJ0AYxdj_8fLtNwi7WTtslHhEJE8FZifqBeJ14ILOfC5w-eyuNdtgRjp7o8XM0VL-BienSSOKvm0tJsCtyJ9nAE9nYqeUodl4BLoctPN_xeGhCBEFrSi-wcFIjtRlnkl1yERkOjHaYJWSSYYqd-d1qceX3V7M2fHMSpScKkRUbLGj1k4cpcV-aSpg2I6SH4rQClsZiaymUUr2piVR93O93BWzT6psTS7v8HdR22DO3gQvmFdscDtfXqgd6EhnbY2H8Yg95rPq_QUSWLzrtTvPBtnhyX6UV9I6APRwldwupYkOmUPlWqGl76XjgHWzC5RD8wtuIKBwpDQpr3r-0ZHA_5qCMVsWr11TmWOnrhVRZFRcqboqdbKbrEhKrL6cymynh-reOr5xT2bvVYXWVBApN_LXfnZ8jogQ3E6JP90TDTq9WTxmQKSntKJ8cINXdbOK2q5xrjSd8kBwBvaO3fRQ149rm1BNAl2d7Q-PcLon5BueRE5k0u5e8JdVal4PckwaxPJeNLt2L5yaiEOE/90eae5be76bdcbaf4ec1c716ff7e0013?psig=1786842579.dLnMkSiOduKoy98FE8Hx7kmiCLccDCRLn9AMSS2HZoI:q4DGhNL2b_vk9-OEW0wzpU52-aK3HKYK5euJw-TBal8,907
1786978230,56,Introduction: Examples Tasks, Phases of AI & Course Plan,https://youtu.be/J9R2KDh_9wM?si=dh6y7WVrCURL6bME,119
1786983240,70,[Feibanyama] One Piece EP1158 [IQIYI WebRip 2160p HEVC AAC Multi-Subs],http://127.0.0.1:8091/stream?link=magnet%3A%3Fxt%3Durn%3Abtih%3A598974fc04f0344822b34411a2d9f0a5219d47b1%26tr%3Dudp%3A%2F%2Ftracker.opentrackr.org%3A1337%2Fannounce%26tr%3Dudp%3A%2F%2Fopen.stealth.si%3A80%2Fannounce%26tr%3Dudp%3A%2F%2Ftracker.openbittorrent.com%3A6969%2Fannounce%26tr%3Dudp%3A%2F%2Fexodus.desync.com%3A6969%2Fannounce%26tr%3Dudp%3A%2F%2Ftracker.torrent.eu.org%3A451%2Fannounce%26tr%3Dudp%3A%2F%2Fzer0day.ch%3A1337%2Fannounce%26tr%3Dudp%3A%2F%2Ftracker.publictracker.xyz%3A6969%2Fannounce%26tr%3Dudp%3A%2F%2Fopen.demonii.com%3A1337%2Fannounce%26tr%3Dudp%3A%2F%2Ftracker.qu.ax%3A6969%2Fannounce%26tr%3Dudp%3A%2F%2Ftracker.dler.org%3A6969%2Fannounce%26tr%3Dudp%3A%2F%2Ftracker.corpscorp.online%3A80%2Fannounce%26tr%3Dudp%3A%2F%2Ftracker.bittor.pw%3A1337%2Fannounce%26tr%3Dudp%3A%2F%2Ftracker.auctor.tv%3A6969%2Fannounce%26tr%3Dudp%3A%2F%2Ftracker.0x7c0.com%3A6969%2Fannounce%26tr%3Dudp%3A%2F%2Ftracker-udp.gbitt.info%3A80%2Fannounce%26tr%3Dudp%3A%2F%2Ftr4ck3r.duckdns.org%3A6969%2Fannounce%26tr%3Dudp%3A%2F%2Ftorrentclub.online%3A54123%2Fannounce%26tr%3Dudp%3A%2F%2Ftorrentclub.online%3A1984%2Fannounce%26tr%3Dudp%3A%2F%2Ft.overflow.biz%3A6969%2Fannounce%26tr%3Dudp%3A%2F%2Fseedpeer.net%3A6969%2Fannounce%26tr%3Dudp%3A%2F%2Fretracker01-msk-virt.corbina.net%3A80%2Fannounce%26tr%3Dudp%3A%2F%2Fmartin-gebhardt.eu%3A25%2Fannounce%26tr%3Dhttp%3A%2F%2Fnyaa.tracker.wf%3A7777%2Fannounce%26tr%3Dhttp%3A%2F%2Fanidex.moe%3A6969%2Fannounce%26tr%3Dhttp%3A%2F%2Ftracker.anirena.com%3A80%2Fannounce%26tr%3Dudp%3A%2F%2Ftracker.uw0.xyz%3A6969%2Fannounce%26tr%3Dhttp%3A%2F%2Fshare.camoe.cn%3A8080%2Fannounce%26tr%3Dhttp%3A%2F%2Ft.nyaatracker.com%3A80%2Fannounce&index=1&play,1757
1786983747,,,http://127.0.0.1:8091/stream?link=magnet%3A%3Fxt%3Durn%3Abtih%3A52c13363e6017d525f4869b0b6435a329fd8f2c7%26tr%3Dudp%3A%2F%2Ftracker.opentrackr.org%3A1337%2Fannounce%26tr%3Dudp%3A%2F%2Fopen.stealth.si%3A80%2Fannounce%26tr%3Dudp%3A%2F%2Ftracker.openbittorrent.com%3A6969%2Fannounce%26tr%3Dudp%3A%2F%2Fexodus.desync.com%3A6969%2Fannounce%26tr%3Dudp%3A%2F%2Ftracker.torrent.eu.org%3A451%2Fannounce&index=1&play,419
1787046918,70,[Feibanyama] One Piece EP1158 [IQIYI WebRip 2160p HEVC AAC Multi-Subs],http://127.0.0.1:8091/stream?link=magnet%3A%3Fxt%3Durn%3Abtih%3A598974fc04f0344822b34411a2d9f0a5219d47b1%26tr%3Dudp%3A%2F%2Ftracker.opentrackr.org%3A1337%2Fannounce%26tr%3Dudp%3A%2F%2Fopen.stealth.si%3A80%2Fannounce%26tr%3Dudp%3A%2F%2Ftracker.openbittorrent.com%3A6969%2Fannounce%26tr%3Dudp%3A%2F%2Fexodus.desync.com%3A6969%2Fannounce%26tr%3Dudp%3A%2F%2Ftracker.torrent.eu.org%3A451%2Fannounce&index=1&play,491
1787416737,,,https://moon.peakstorm.top/vd/LU5nREpOblZfQ2ptNDBBZGx5cnAzQTpXSVlqeVIwZmViN0F6MDdkaVBoT0ZJTlN3VnBsZFJjSnJzT2tCcXZZclhB/index-s1080p-v1-a1.m3u8,155
1787416805,,,http://hdhub.thevolecitor.qzz.io/resolve/cj/tmdb/1357633/1080p.m3u8,80
1787416866,20,L'energia dell'amore,https://pengu.uk/direct/external/S1Z1GBhepwc_plScCi89ywfHZbFXKjptv_Q-ZGrRcAPYQvQRnGNp961NK5Suy8xO-j_cLU8khj_P2AhfQ4E1VZrXxFrMtloTwQk1Nvhy00puFgpJB8UKBwbC8sEgqsPTyR-YTLrUix-aZp0uihQ1vco4SoYpJh5ZUJTjsuoaw3tR3XpVm60j6Q4gGD0Msm8_w85WYUn72L86OnlksB3PO8apnxHNYhAJkuxQy6VUHbjp6iNUu2kv6tvT4a44Wm8Q3riicBEKlAs29wIyfaujDXxx5aY_kIPyMCVeGSxZolNtUxH8x5LoXVc_m03sUmIN1PtBVAQR1p7qRsgZYzt_rZLPNWsnvESvQ9ztkdDNS0jpI3lc/tv.21229.S1E1.original.2756540.20240109095023.mkv?psig=1787445654.6D_bkohgZCLttTVnCrcl6QeEQLK_8ckzsFD_nfHNAMQ:Gze3gJc6p3Sat0BgJAP0PKs1XWXnVUPqQeK0dQU1LxY,590
1787417941,,,https://pengu.uk/hls/cinejoy/playlist/ug-fJgSJyE4/index.m3u8?psig=1787446656.sALlP408pbRB5rQ1GsTx-Z6n-omP3wgt9CpwTpcD3t4%3Afv_r6TpbqOBQy9iUx5ZBCl2KSFAlMGx90ftqAua8vv0,179
1787417957,20,L'energia dell'amore,https://pengu.uk/direct/external/2TgUVyZu1e13YGxtGlQuIOZ9piYtBFe9M2p8CLaMAtnSIHyqOOQbyuRT5sn7E_sZ0vs1POwlPf9peA0J9zcqZXYLc1q6rqUGQfozQIQwZbwjfd10SJ2uAV80Y4A0DqOnTkd6DCBzvxIDyXY1dODzWTi5kErXWfbq5Z3M0JbWSEcHT3VwGqV8vx1llyD9Yl5Dig5dQFHcsxPJLXa9Vi8vF5LAdwGtZidxgelXdiOtxwymHCGQsgIbKCK0UZMdigxqOnG0UmKjpiFMjfv_8ruHu9TM4P1nue0P8uNqs0bRUJJ40OHDNOTgwN4_mXGWwk1wusnTHKO9KroGhj1AtxqTlwBAOKLwrgAx1e2fdL-41-WK6py4/tv.21229.S1E1.original.2756540.20240109095023.mkv?psig=1787446656.nSr5C0jj1tZUMnSGavG0dMmgzqtLJjG5NmabAUK6CcM:4ThspvC9J5GByOBRZGT363ZOl3FU84WB4z3bClff_VY,590
1787465963,,,https://bcdnxw2.hakunaymatata.com/cms/949de315d6ac031a01312cead4425407.mp4?sign=2d79ba204b542021eba10c92782577dc&t=1787465948,138
1787465998,,,https://moon.peakstorm.top/vd/LU5nREpOblZfQ2ptNDBBZGx5cnAzQTpXSVlqeVIwZmViN0F6MDdkaVBoT0ZJTlN3VnBsZFJjSnJzT2tCcXZZclhB/index-s1080p-v1-a1.m3u8,155
1787466014,,,http://hdhub.thevolecitor.qzz.io/resolve/cj/tmdb/1357633/1080p.m3u8,80
1787466073,,,https://pengu.uk/direct/external/cNJFbGdcMNdKMTNhkqUWur1AHj7GTCKkHA0McwL08JSuYrWBLK6OQr-2rrMcTht_C9hfyTTK44ZdnqJJMMh1U2mpU-Js6ipCXhiB59O-LYHmQSCFAB1CYppPArWfdBWBLimitlg2Z6UJazyKUQejgtrvcWZTd6OklrAHQEvOqYurGzmsPoiPnS4gmewhJbm0yGXkwHBPu6ILoWhjVs4LYkt8bAm2KuQJH1pwcac9hxjBXn8F4aPaGb-Qk3mxdqrTZRosLEVr0DUC6kKeeEzbhqoe2lv2LXyry38a0De0hGApJvNgry6SyNWwjxcieK5k9hp-VgHOZHBisj97RxFfPrCxEjVxfwYh9rlxC92yCHYa9hxFevjcu9ookQqeytLYtiAw6Y9Pn-R4MucqDKcii25Cyz3leUMvIZUhgYjZzZIgWVAK3A69o4K4eA/movie.67644.2024.original.2296709.20250325065514.mp4?psig=1787494790.ZYOhgQFbqoWiFRAR_hJ3lKSxN-q2TXLtA3Cr4Iap5oc:GSN2OzsW74i6zVIhLWixJhpoGNY4vQ72yaCYdB0nYDs,645
1787466219,,,https://pengu.uk/direct/external/P519rT8DS9sdl0XGe7gS_kbaJzrSfpsR7YgO2OV-jdyreUHYvYHG4QgtJAuAer1CGUnw0lQKgOHpR03uMMXqj_phgQiSV_PkNlT1clEC2xXY4iJ665UauQJOGBcUuf0WJmCf6Ve7taeoWXi6If5eBu85GSKFmmRUVsOnDu-xRK6vcUF5frKYKhKhABJ6VluaBkXqQsKByg0t76kWm2Yr-A/525858c9ee0b910bc6b4b23a6f86fe15.mp4?psig=1787495011.kK2d-XjwsF6qTo3QEE5sTm1mVsx_xGuJgKumRKQkAjs:QGovpA9Q5w-_iUlRym8tv1-jT3kGWVhPhcnbTOexdaI,401
1787466235,,,https://sacdn.hakunaymatata.com/dash/6003277875347080120_0_0_1080_h265_634/index_web.mpd,101
1787466261,31,Visit & Support - VegaMovies.is,https://pengu.uk/direct/external/aa8YILasoNRB3oJ7I4kTBT_HcNPKjba3F3zBLRCuTP_fRtDwO3NTMVlCTJUvasaYfZ52iAbOSZplTHcN-Fv9PExdwWp4e2ZYwrxif-8c7gfxYHkksGeQK4Fn8c2yzQ4GNugnOjoZDtCv8aU38Y5XRzLoaEqtBtv6fX84PdJotGtbx2_c8f6_1TPSJq9FQIc6UEHL-nz9ULG7QrSpS9JFnRASkrFw53B1xUtESheZNU0KjEQsOJio8OhDmxFGBFHsFMAyb3tVqHVy2Lw5ABNzlmHkZXLJ7wvva1oHPsSEFpR8oTV1NexwpXvF_qKlLiGQsPOUwcQOu5_azGlJ222RBUGxXw6Pi5d62N3CdstjCJRbruqNHKARGZWOZX7dzAxM5-dJkjlBvtgrdlUXCdZCOBBCpHffrxDknMc/907ecee60211a26958f625db2e6ab291?psig=1787494896.ilWaQAPFqbEQ46K_u5kUTXN6Ta6s_DBA_VG7-f-76lg:UFvgDuaOisYuiuOCBFCYYpb2SK6GUjE88IkzDclyCas,635
1787466498,,,https://raw.githubusercontent.com/IPTVFlixBD/OopsTv/refs/heads/main/nwp/809396.m3u8,96
1787466519,,,https://dai.google.com/ssai/event/MArqTlj6SOeNU3ZO3-0i0Q/master.m3u8,81
1787479907,19,Lecture 07: Mapping,https://youtu.be/6ZS2j7kXOh8?si=FrL2lyPL8MdpLD3Q,82
1787479991,19,Lecture 07: Mapping,https://youtu.be/6ZS2j7kXOh8?si=FrL2lyPL8MdpLD3Q,82
1787480028,19,Lecture 07: Mapping,https://youtu.be/6ZS2j7kXOh8?si=FrL2lyPL8MdpLD3Q,82
